../Core/Src/main.c:137:6:HAL_UART_RxCpltCallback	24	static,ignoring_inline_asm
../Core/Src/main.c:144:6:HAL_UART_TxCpltCallback	24	static,ignoring_inline_asm
../Core/Src/main.c:152:12:UART_TX_RTOS	24	static
../Core/Src/main.c:160:12:UART_RX_RTOS	16	static
../Core/Src/main.c:164:6:adc_task	3624	static
../Core/Src/main.c:209:6:HAL_ADC_ConvCpltCallback	24	static,ignoring_inline_asm
../Core/Src/main.c:217:6:HAL_DAC_ConvCpltCallbackCh1	24	static
../Core/Src/main.c:240:6:terminal_task	24	static
../Core/Src/main.c:329:5:main	48	static
../Core/Src/main.c:419:6:SystemClock_Config	88	static
../Core/Src/main.c:460:13:MX_ADC1_Init	56	static
../Core/Src/main.c:528:13:MX_DAC1_Init	56	static
../Core/Src/main.c:575:13:MX_LPUART1_UART_Init	8	static
../Core/Src/main.c:622:13:MX_TIM2_Init	40	static
../Core/Src/main.c:667:13:MX_TIM3_Init	40	static
../Core/Src/main.c:710:13:MX_DMA_Init	24	static
../Core/Src/main.c:736:13:MX_GPIO_Init	16	static
../Core/Src/main.c:759:6:StartDefaultTask	16	static
../Core/Src/main.c:777:6:HAL_TIM_PeriodElapsedCallback	16	static
../Core/Src/main.c:794:6:Error_Handler	4	static,ignoring_inline_asm
