../Core/Src/main.c:144:6:HAL_UART_RxCpltCallback	24	static,ignoring_inline_asm
../Core/Src/main.c:151:6:HAL_UART_TxCpltCallback	24	static,ignoring_inline_asm
../Core/Src/main.c:158:12:get_char_from_uart	16	static
../Core/Src/main.c:162:6:print_string	24	static
../Core/Src/main.c:170:6:print_char	16	static
../Core/Src/main.c:179:13:print_task	536	static
../Core/Src/main.c:192:6:adc_task	3624	static
../Core/Src/main.c:237:6:HAL_ADC_ConvCpltCallback	24	static,ignoring_inline_asm
../Core/Src/main.c:245:6:HAL_DAC_ConvCpltCallbackCh1	24	static
../Core/Src/main.c:311:19:getInstalledTasksFunction	24	static
../Core/Src/main.c:324:19:getRuntimeStatsFunction	32	static
../Core/Src/main.c:342:19:changeWaveFunction	48	static
../Core/Src/main.c:376:19:clearTerminalFunction	24	static
../Core/Src/main.c:391:6:terminal_task	592	static
../Core/Src/main.c:462:5:main	48	static
../Core/Src/main.c:556:6:SystemClock_Config	88	static
../Core/Src/main.c:594:13:MX_ADC1_Init	56	static
../Core/Src/main.c:656:13:MX_DAC1_Init	56	static
../Core/Src/main.c:698:13:MX_LPUART1_UART_Init	8	static
../Core/Src/main.c:740:13:MX_TIM2_Init	40	static
../Core/Src/main.c:780:13:MX_TIM3_Init	40	static
../Core/Src/main.c:820:13:MX_TIM4_Init	40	static
../Core/Src/main.c:858:13:MX_DMA_Init	24	static
../Core/Src/main.c:881:13:MX_GPIO_Init	40	static
../Core/Src/main.c:912:6:StartDefaultTask	16	static
../Core/Src/main.c:929:6:HAL_TIM_PeriodElapsedCallback	16	static
../Core/Src/main.c:948:6:Error_Handler	4	static,ignoring_inline_asm
