../Core/Src/main.c:140:6:HAL_UART_RxCpltCallback	24	static,ignoring_inline_asm
../Core/Src/main.c:148:6:HAL_UART_TxCpltCallback	24	static,ignoring_inline_asm
../Core/Src/main.c:155:12:get_char_from_uart	16	static
../Core/Src/main.c:180:6:print_string	24	static
../Core/Src/main.c:188:6:print_char	16	static
../Core/Src/main.c:204:13:print_task	536	static
../Core/Src/main.c:217:6:adc_task	3624	static
../Core/Src/main.c:262:6:HAL_ADC_ConvCpltCallback	24	static,ignoring_inline_asm
../Core/Src/main.c:270:6:HAL_DAC_ConvCpltCallbackCh1	24	static
../Core/Src/main.c:295:19:getInstalledTasksFunction	24	static
../Core/Src/main.c:323:19:getRuntimeStatsFunction	32	static
../Core/Src/main.c:340:19:changeWaveFunction	48	static
../Core/Src/main.c:374:19:clearTerminalFunction	24	static
../Core/Src/main.c:389:6:terminal_task	32	static
../Core/Src/main.c:464:5:main	48	static
../Core/Src/main.c:555:6:SystemClock_Config	88	static
../Core/Src/main.c:593:13:MX_ADC1_Init	56	static
../Core/Src/main.c:655:13:MX_DAC1_Init	56	static
../Core/Src/main.c:697:13:MX_LPUART1_UART_Init	8	static
../Core/Src/main.c:739:13:MX_TIM2_Init	40	static
../Core/Src/main.c:779:13:MX_TIM3_Init	40	static
../Core/Src/main.c:817:13:MX_DMA_Init	24	static
../Core/Src/main.c:840:13:MX_GPIO_Init	16	static
../Core/Src/main.c:862:6:StartDefaultTask	16	static
../Core/Src/main.c:879:6:HAL_TIM_PeriodElapsedCallback	16	static
../Core/Src/main.c:895:6:Error_Handler	4	static,ignoring_inline_asm
