../Core/Src/main.c:144:6:HAL_UART_RxCpltCallback	24	static,ignoring_inline_asm
../Core/Src/main.c:151:6:HAL_UART_TxCpltCallback	24	static,ignoring_inline_asm
../Core/Src/main.c:158:12:get_char_from_uart	16	static
../Core/Src/main.c:162:6:print_string	24	static
../Core/Src/main.c:170:6:print_char	16	static
../Core/Src/main.c:179:13:print_task	536	static
../Core/Src/main.c:192:6:adc_task	3624	static
../Core/Src/main.c:234:6:HAL_ADC_ConvCpltCallback	24	static,ignoring_inline_asm
../Core/Src/main.c:242:6:HAL_DAC_ConvCpltCallbackCh1	24	static
../Core/Src/main.c:308:19:getInstalledTasksFunction	24	static
../Core/Src/main.c:326:19:getRuntimeStatsFunction	24	static
../Core/Src/main.c:345:19:changeWaveFunction	48	static
../Core/Src/main.c:379:19:clearTerminalFunction	24	static
../Core/Src/main.c:394:6:terminal_task	592	static
../Core/Src/main.c:465:5:main	48	static
../Core/Src/main.c:559:6:SystemClock_Config	88	static
../Core/Src/main.c:597:13:MX_ADC1_Init	56	static
../Core/Src/main.c:659:13:MX_DAC1_Init	56	static
../Core/Src/main.c:701:13:MX_LPUART1_UART_Init	8	static
../Core/Src/main.c:743:13:MX_TIM2_Init	40	static
../Core/Src/main.c:783:13:MX_TIM3_Init	40	static
../Core/Src/main.c:823:13:MX_TIM4_Init	40	static
../Core/Src/main.c:861:13:MX_DMA_Init	24	static
../Core/Src/main.c:884:13:MX_GPIO_Init	40	static
../Core/Src/main.c:915:6:StartDefaultTask	16	static
../Core/Src/main.c:932:6:HAL_TIM_PeriodElapsedCallback	16	static
../Core/Src/main.c:951:6:Error_Handler	4	static,ignoring_inline_asm
