../Core/Src/main.c:137:6:HAL_UART_RxCpltCallback	24	static,ignoring_inline_asm
../Core/Src/main.c:144:6:HAL_UART_TxCpltCallback	24	static,ignoring_inline_asm
../Core/Src/main.c:152:12:UART_TX_RTOS	24	static
../Core/Src/main.c:161:12:get_char_from_uart	16	static
../Core/Src/main.c:165:6:print_uart_char	16	static
../Core/Src/main.c:169:6:print_uart_string	16	static
../Core/Src/main.c:176:6:adc_task	3624	static
../Core/Src/main.c:221:6:HAL_ADC_ConvCpltCallback	24	static,ignoring_inline_asm
../Core/Src/main.c:229:6:HAL_DAC_ConvCpltCallbackCh1	24	static
../Core/Src/main.c:254:19:getInstalledTasksFunction	32	static
../Core/Src/main.c:278:19:getRuntimeStatsFunction	32	static
../Core/Src/main.c:295:19:changeWaveFunction	48	static
../Core/Src/main.c:329:19:clearTerminalFunction	24	static
../Core/Src/main.c:344:6:terminal_task	32	static
../Core/Src/main.c:415:5:main	48	static
../Core/Src/main.c:504:6:SystemClock_Config	88	static
../Core/Src/main.c:542:13:MX_ADC1_Init	56	static
../Core/Src/main.c:604:13:MX_DAC1_Init	56	static
../Core/Src/main.c:646:13:MX_LPUART1_UART_Init	8	static
../Core/Src/main.c:688:13:MX_TIM2_Init	40	static
../Core/Src/main.c:728:13:MX_TIM3_Init	40	static
../Core/Src/main.c:766:13:MX_DMA_Init	24	static
../Core/Src/main.c:789:13:MX_GPIO_Init	16	static
../Core/Src/main.c:811:6:StartDefaultTask	16	static
../Core/Src/main.c:828:6:HAL_TIM_PeriodElapsedCallback	16	static
../Core/Src/main.c:844:6:Error_Handler	4	static,ignoring_inline_asm
