../Core/Src/stm32g4xx_it.c:75:6:NMI_Handler	4	static
../Core/Src/stm32g4xx_it.c:90:6:HardFault_Handler	4	static
../Core/Src/stm32g4xx_it.c:105:6:MemManage_Handler	4	static
../Core/Src/stm32g4xx_it.c:120:6:BusFault_Handler	4	static
../Core/Src/stm32g4xx_it.c:135:6:UsageFault_Handler	4	static
../Core/Src/stm32g4xx_it.c:150:6:DebugMon_Handler	4	static
../Core/Src/stm32g4xx_it.c:170:6:DMA1_Channel1_IRQHandler	8	static
../Core/Src/stm32g4xx_it.c:184:6:DMA1_Channel2_IRQHandler	8	static
../Core/Src/stm32g4xx_it.c:198:6:TIM1_UP_TIM16_IRQHandler	8	static
../Core/Src/stm32g4xx_it.c:212:6:TIM4_IRQHandler	8	static
../Core/Src/stm32g4xx_it.c:226:6:EXTI15_10_IRQHandler	8	static
../Core/Src/stm32g4xx_it.c:240:6:DMA2_Channel2_IRQHandler	8	static
../Core/Src/stm32g4xx_it.c:254:6:LPUART1_IRQHandler	8	static
